---
source: tests/integration/jig/player.rs
expression: body

---
{
  "sessions": [
    {
      "index": "[index]",
      "settings": {
        "direction": "rtl",
        "displayScore": false,
        "trackAssessments": false,
        "dragAssist": false
      },
      "expires_at": "[timestamp]"
    },
    {
      "index": "[index]",
      "settings": {
        "direction": "rtl",
        "displayScore": false,
        "trackAssessments": false,
        "dragAssist": false
      },
      "expires_at": "[timestamp]"
    }
  ]
}
