---
source: tests/integration/jig/draft.rs
expression: body

---
{
  "jig": {
    "id": "[id]",
    "displayName": "",
    "modules": [],
    "ageRanges": [],
    "affiliations": [],
    "goals": [],
    "creatorId": "1f241e1b-b537-493f-a230-075cb16315be",
    "authorId": "1f241e1b-b537-493f-a230-075cb16315be",
    "authorName": "Bobby Tables",
    "language": "en",
    "categories": [],
    "publishAt": "9999-03-04T00:46:26.134651Z",
    "additionalResources": [],
    "description": "test description",
    "lastEdited": "[last_edited]",
    "isPublic": false,
    "defaultPlayerSettings": {
      "direction": "ltr",
      "displayScore": false,
      "trackAssessments": false,
      "dragAssist": false
    },
    "theme": "Blank",
    "audioBackground": null,
    "audioEffects": {
      "feedbackPositive": "[audio]",
      "feedbackNegative": "[audio]"
    }
  }
}
