---
source: tests/integration/jig/module.rs
expression: body

---
{
  "module": {
    "id": "0cc03a02-7c83-11eb-9f77-f77f9ad65e9a",
    "body": {
      "memoryGame": {
        "content": {
          "base": {
            "editor_state": {
              "step": "One",
              "steps_completed": []
            },
            "instructions": {
              "text": null,
              "audio": null
            },
            "mode": "Duplicate",
            "pairs": [],
            "theme": "Jig",
            "background": null
          },
          "player_settings": {
            "time_limit": null
          }
        }
      }
    },
    "is_complete": true,
    "created_at": "2021-03-04T00:46:26.134651Z",
    "updated_at": "[timestamp]"
  }
}
