---
source: tests/integration/jig/module.rs
expression: body

---
{
  "module": {
    "id": "0cbfdd82-7c83-11eb-9f77-d7d86264c3bc",
    "body": {
      "cover": {
        "content": null
      }
    },
    "is_complete": false,
    "is_updated": true,
    "created_at": "2021-03-04T00:46:26.134651Z",
    "updated_at": "[timestamp]"
  }
}
