---
source: tests/integration/jig/cover.rs
expression: body.jig

---
{
  "id": "0cc084bc-7c83-11eb-9f77-e3218dffb008",
  "displayName": "test",
  "modules": [
    {
      "id": "0cbfdd82-7c83-11eb-9f77-d7d86264c3bc",
      "kind": "Cover"
    },
    {
      "id": "0cc03a02-7c83-11eb-9f77-f77f9ad65e9a",
      "kind": "Flashcards"
    },
    {
      "id": "5fac2632-cd4a-11eb-ae4e-7b9a797001a5",
      "kind": "Memory"
    }
  ],
  "ageRanges": [],
  "affiliations": [],
  "goals": [],
  "creatorId": "1f241e1b-b537-493f-a230-075cb16315be",
  "authorId": "1f241e1b-b537-493f-a230-075cb16315be",
  "authorName": "Bobby Tables",
  "language": "en",
  "categories": [],
  "publishAt": null,
  "additionalResources": [
    "41b8d0b4-aaff-4942-88ba-1a32fecdbd23",
    "7a227007-b957-4601-bf15-87a6b86da672"
  ],
  "description": "test description",
  "lastEdited": "[timestamp]",
  "isPublic": true,
  "defaultPlayerSettings": {
    "direction": "ltr",
    "displayScore": false,
    "trackAssessments": false,
    "dragAssist": false
  },
  "theme": "Blank",
  "audioBackground": null,
  "audioEffects": {
    "feedbackPositive": "[audio]",
    "feedbackNegative": "[audio]"
  }
}
