---
source: tests/integration/user.rs
expression: body
---
{
  "users": [
    {
      "id": "1f241e1b-b537-493f-a230-075cb16315be",
      "username": "test",
      "givenName": "Bobby",
      "familyName": "Tables",
      "email": "test@test.test",
      "country": null,
      "state": null,
      "city": null,
      "organization": "test org",
      "createdAt": "2020-08-09",
      "language": "en",
      "badge": "jiTeam",
      "planType": null,
      "subscriptionStatus": null,
      "isTrial": null,
      "currentPeriodEnd": null,
      "amountDueInCents": null,
      "isAdmin": null,
      "schoolId": null,
      "schoolName": null
    }
  ],
  "pages": 1,
  "totalUserCount": 1
}
