---
source: tests/integration/jig.rs
expression: body

---
{
  "jig": {
    "id": "3a71522a-cd77-11eb-8dc1-af3e35f7c743",
    "display_name": "",
    "modules": [],
    "age_ranges": [],
    "affiliations": [],
    "goals": [],
    "creator_id": "1f241e1b-b537-493f-a230-075cb16315be",
    "author_id": "1f241e1b-b537-493f-a230-075cb16315be",
    "author_name": "Bobby Tables",
    "language": "en-us",
    "categories": [],
    "publish_at": null,
    "additional_resources": [],
    "description": "test description",
    "last_edited": "[timestamp]",
    "is_public": true,
    "default_player_settings": {
      "direction": "ltr",
      "display_score": false,
      "track_assessments": false,
      "drag_assist": false
    },
    "theme": "Blank",
    "audio_background": "SukkotLoop",
    "audio_effects": {
      "feedback_positive": [
        "Magic"
      ],
      "feedback_negative": [
        "Boing"
      ]
    }
  }
}
