---
source: tests/integration/circle.rs
expression: body

---
{
  "id": "57a1eaaa-f182-11ec-a96e-13f3929f5b22",
  "displayName": "update circle",
  "createdBy": "1f241e1b-b537-493f-a230-075cb16315be",
  "description": "update description",
  "memberCount": 0,
  "image": "92d8c258-0aa4-11ec-9f5e-036a94fd6227",
  "createdAt": "[created_at]",
  "lastEdited": "[last_edited]"
}
