---
source: tests/integration/jig.rs
expression: body
---
{
  "id": "[id]",
  "publishedAt": "[published_at]",
  "creatorId": "1f241e1b-b537-493f-a230-075cb16315be",
  "authorId": "1f241e1b-b537-493f-a230-075cb16315be",
  "authorName": "Bobby Tables",
  "likes": 0,
  "plays": 0,
  "liveUpToDate": true,
  "jigData": {
    "createdAt": "2021-03-04T00:46:26.134651Z",
    "lastEdited": "[last_edited]",
    "draftOrLive": "live",
    "displayName": "name",
    "modules": [
      {
        "id": "[id]",
        "stable_id": "b415f5f6-c5f7-11ee-9569-53a033ff93b8",
        "kind": "Cover",
        "is_complete": true
      }
    ],
    "ageRanges": [],
    "affiliations": [],
    "language": "en-us",
    "categories": [
      "7fe19326-e883-11ea-93f0-5343493c17c4",
      "81c4796a-e883-11ea-93f0-df2484ab6b11"
    ],
    "additionalResources": [],
    "description": "asdasdasd",
    "defaultPlayerSettings": {
      "direction": "ltr",
      "displayScore": true,
      "trackAssessments": true,
      "dragAssist": true
    },
    "theme": "Blank",
    "audioBackground": null,
    "audioEffects": {
      "feedbackPositive": "[audio]",
      "feedbackNegative": "[audio]"
    },
    "privacyLevel": "unlisted",
    "locked": false,
    "otherKeywords": "",
    "translatedKeywords": "",
    "translatedDescription": {}
  },
  "isLiked": false,
  "adminData": {
    "rating": null,
    "blocked": false,
    "curated": false,
    "premium": false
  }
}
