---
source: tests/integration/jig.rs
expression: body

---
{
  "jig": {
    "id": "[id]",
    "displayName": "",
    "modules": [
      {
        "id": "[id]",
        "kind": "Cover"
      },
      {
        "id": "[id]",
        "kind": "Flashcards"
      },
      {
        "id": "[id]",
        "kind": "Memory"
      }
    ],
    "ageRanges": [],
    "affiliations": [],
    "goals": [],
    "creatorId": "1f241e1b-b537-493f-a230-075cb16315be",
    "authorId": "1f241e1b-b537-493f-a230-075cb16315be",
    "authorName": "Bobby Tables",
    "language": "en",
    "categories": [],
    "publishAt": null,
    "additionalResources": "[ids]",
    "description": "test description",
    "lastEdited": "[last_edited]",
    "isPublic": false,
    "defaultPlayerSettings": {
      "direction": "ltr",
      "displayScore": false,
      "trackAssessments": false,
      "dragAssist": false
    },
    "theme": "Blank",
    "audioBackground": null,
    "audioEffects": {
      "feedbackPositive": "[audio]",
      "feedbackNegative": "[audio]"
    }
  }
}
