---
source: tests/integration/jig.rs
expression: body

---
{
  "id": "3a71522a-cd77-11eb-8dc1-af3e35f7c743",
  "publishedAt": null,
  "creatorId": "1f241e1b-b537-493f-a230-075cb16315be",
  "authorId": "1f241e1b-b537-493f-a230-075cb16315be",
  "authorName": "Bobby Tables",
  "likes": 0,
  "plays": 0,
  "firstCoverAssigned": false,
  "jigData": {
    "draftOrLive": "Draft",
    "displayName": "draft name",
    "modules": [],
    "ageRanges": [],
    "affiliations": [],
    "goals": [],
    "language": "en-us",
    "categories": [
      "7fe19326-e883-11ea-93f0-5343493c17c4",
      "81c4796a-e883-11ea-93f0-df2484ab6b11"
    ],
    "additionalResources": [],
    "description": "asdasdasd",
    "lastEdited": "[timestamp]",
    "defaultPlayerSettings": {
      "direction": "rtl",
      "displayScore": false,
      "trackAssessments": false,
      "dragAssist": false
    },
    "theme": "Jigzi",
    "audioBackground": "funForKids",
    "audioEffects": {
      "feedbackPositive": [],
      "feedbackNegative": []
    },
    "privacyLevel": "unlisted",
    "jigFocus": "modules",
    "locked": false,
    "otherKeywords": "",
    "translatedKeywords": ""
  }
}
