---
source: tests/integration/jig.rs
expression: body

---
{
  "id": "3a71522a-cd77-11eb-8dc1-af3e35f7c743",
  "publishedAt": null,
  "creatorId": "1f241e1b-b537-493f-a230-075cb16315be",
  "authorId": "1f241e1b-b537-493f-a230-075cb16315be",
  "authorName": "Bobby Tables",
  "likes": 0,
  "plays": 0,
  "jigFocus": "modules",
  "firstCoverAssigned": false,
  "jigData": {
    "draftOrLive": "Live",
    "displayName": "name",
    "modules": [],
    "ageRanges": [],
    "affiliations": [],
    "goals": [],
    "language": "en",
    "categories": [],
    "additionalResources": [],
    "description": "test description",
    "lastEdited": "[last_edited]",
    "defaultPlayerSettings": {
      "direction": "ltr",
      "displayScore": true,
      "trackAssessments": true,
      "dragAssist": true
    },
    "theme": "Blank",
    "audioBackground": null,
    "audioEffects": {
      "feedbackPositive": "[audio]",
      "feedbackNegative": "[audio]"
    },
    "privacyLevel": "public",
    "locked": false,
    "otherKeywords": "",
    "translatedKeywords": ""
  },
  "adminData": {
    "rating": null,
    "blocked": false,
    "curated": false
  }
}
