---
source: tests/integration/jig.rs
expression: body

---
{
  "id": "[id]",
  "privacyLevel": "unlisted",
  "publishedAt": null,
  "creatorId": "1f241e1b-b537-493f-a230-075cb16315be",
  "authorId": "1f241e1b-b537-493f-a230-075cb16315be",
  "authorName": "Bobby Tables",
  "jigData": {
    "draftOrLive": "Live",
    "displayName": "name",
    "modules": [],
    "ageRanges": [],
    "affiliations": [],
    "goals": [],
    "language": "en",
    "categories": [],
    "additionalResources": "[ids]",
    "description": "test description",
    "lastEdited": "[last_edited]",
    "defaultPlayerSettings": {
      "direction": "ltr",
      "displayScore": true,
      "trackAssessments": true,
      "dragAssist": true
    },
    "theme": "Blank",
    "audioBackground": null,
    "audioEffects": {
      "feedbackPositive": "[audio]",
      "feedbackNegative": "[audio]"
    }
  }
}
