---
source: tests/integration/course.rs
expression: body
---
{
  "courses": [
    {
      "id": "[id]",
      "publishedAt": "[published_at]",
      "creatorId": "1f241e1b-b537-493f-a230-075cb16315be",
      "authorId": "1f241e1b-b537-493f-a230-075cb16315be",
      "authorName": "Bobby Tables",
      "likes": 0,
      "plays": 0,
      "liveUpToDate": true,
      "courseData": {
        "draftOrLive": "draft",
        "displayName": "course name1",
        "language": "en-us",
        "description": "asdasdasd",
        "lastEdited": "[last_edited]",
        "duration": null,
        "privacyLevel": "public",
        "otherKeywords": "",
        "translatedKeywords": "",
        "translatedDescription": {},
        "cover": {
          "id": "[id]",
          "stable_id": "4678e5cc-f057-478d-a7ed-044928c8ceb2",
          "kind": "Cover",
          "is_complete": true
        },
        "categories": [],
        "additionalResources": [],
        "units": [
          {
            "id": "[id]",
            "displayName": "course1 unit 1",
            "description": "Image",
            "imageId": "3095d05e-f2c7-11ea-89c3-3b621dd74a1f"
          },
          {
            "id": "[id]",
            "displayName": "course1 unit 2",
            "description": "Audio",
            "audioId": "0d2c9c30-3850-11ed-ac6a-9b037f9e2276"
          },
          {
            "id": "[id]",
            "displayName": "course1 unit 3",
            "description": "URL",
            "link": "https://jigzi.org/"
          }
        ]
      },
      "adminData": {
        "rating": null,
        "blocked": false,
        "curated": false,
        "premium": false
      }
    },
    {
      "id": "[id]",
      "publishedAt": "[published_at]",
      "creatorId": "1f241e1b-b537-493f-a230-075cb16315be",
      "authorId": "1f241e1b-b537-493f-a230-075cb16315be",
      "authorName": "Bobby Tables",
      "likes": 0,
      "plays": 0,
      "liveUpToDate": false,
      "courseData": {
        "draftOrLive": "draft",
        "displayName": "course name2",
        "language": "en",
        "description": "draft test description",
        "lastEdited": "[last_edited]",
        "duration": null,
        "privacyLevel": "public",
        "otherKeywords": "",
        "translatedKeywords": "",
        "translatedDescription": {},
        "cover": {
          "id": "[id]",
          "stable_id": "4678e5cc-f057-478d-a7ed-044928c8ceb2",
          "kind": "Cover",
          "is_complete": true
        },
        "categories": [],
        "additionalResources": [],
        "units": [
          {
            "id": "[id]",
            "displayName": "course2 unit 2",
            "description": "Image",
            "imageId": "92d8bb6e-0aa4-11ec-9f5e-83e2c58fc397"
          }
        ]
      },
      "adminData": {
        "rating": null,
        "blocked": false,
        "curated": false,
        "premium": false
      }
    }
  ],
  "pages": 1,
  "totalCourseCount": 2
}
